// Jest Snapshot v1, https://goo.gl/fbAQLP

exports[`user should have the expected watchers 1`] = `
Array [
  Object {
    "@@redux-saga/IO": true,
    "FORK": Object {
      "args": Array [
        "USER_LOGIN_REQUEST",
        [Function],
      ],
      "context": null,
      "fn": [Function],
    },
  },
  Object {
    "@@redux-saga/IO": true,
    "FORK": Object {
      "args": Array [
        "USER_LOGOUT_REQUEST",
        [Function],
      ],
      "context": null,
      "fn": [Function],
    },
  },
]
`;
