exports[`Logo should render properly 1`] = `"<div class=\"app__logo\"><span class=\"isvg failed\"></span></div>"`;
